{"tool":"CHECKSTYLE","issues":[{"filePath":"/opt/bambooagent/bamboo-agent-home/xml-data/build-dir/MDTESTCODE-ARTEMISTESTUSER1-JOB1/assignment/src/code/Client.java","startLine":6,"endLine":6,"startColumn":8,"endColumn":8,"rule":"UnusedImportsCheck","category":"imports","message":"Unused import - javax.swing.JFrame.","priority":"error"},{"filePath":"/opt/bambooagent/bamboo-agent-home/xml-data/build-dir/MDTESTCODE-ARTEMISTESTUSER1-JOB1/assignment/src/code/Client.java","startLine":7,"endLine":7,"startColumn":1,"endColumn":1,"rule":"RedundantImportCheck","category":"imports","message":"Redundant import from the java.lang package - java.lang.*.","priority":"error"},{"filePath":"/opt/bambooagent/bamboo-agent-home/xml-data/build-dir/MDTESTCODE-ARTEMISTESTUSER1-JOB1/assignment/src/code/Client.java","startLine":65,"endLine":65,"startColumn":0,"endColumn":0,"rule":"RegexpSinglelineCheck","category":"regexp","message":"Line has trailing spaces.","priority":"error"},{"filePath":"/opt/bambooagent/bamboo-agent-home/xml-data/build-dir/MDTESTCODE-ARTEMISTESTUSER1-JOB1/assignment/src/code/Client.java","startLine":68,"endLine":68,"startColumn":0,"endColumn":0,"rule":"RegexpSinglelineCheck","category":"regexp","message":"Line has trailing spaces.","priority":"error"},{"filePath":"/opt/bambooagent/bamboo-agent-home/xml-data/build-dir/MDTESTCODE-ARTEMISTESTUSER1-JOB1/assignment/src/code/Client.java","startLine":70,"endLine":70,"startColumn":0,"endColumn":0,"rule":"RegexpSinglelineCheck","category":"regexp","message":"Line has trailing spaces.","priority":"error"},{"filePath":"/opt/bambooagent/bamboo-agent-home/xml-data/build-dir/MDTESTCODE-ARTEMISTESTUSER1-JOB1/assignment/src/code/Client.java","startLine":70,"endLine":70,"startColumn":9,"endColumn":9,"rule":"NeedBracesCheck","category":"blocks","message":"'for' construct must use '{}'s.","priority":"error"},{"filePath":"/opt/bambooagent/bamboo-agent-home/xml-data/build-dir/MDTESTCODE-ARTEMISTESTUSER1-JOB1/assignment/src/code/Client.java","startLine":73,"endLine":73,"startColumn":0,"endColumn":0,"rule":"RegexpSinglelineCheck","category":"regexp","message":"Line has trailing spaces.","priority":"error"},{"filePath":"/opt/bambooagent/bamboo-agent-home/xml-data/build-dir/MDTESTCODE-ARTEMISTESTUSER1-JOB1/assignment/src/code/Client.java","startLine":76,"endLine":76,"startColumn":0,"endColumn":0,"rule":"RegexpSinglelineCheck","category":"regexp","message":"Line has trailing spaces.","priority":"error"},{"filePath":"/opt/bambooagent/bamboo-agent-home/xml-data/build-dir/MDTESTCODE-ARTEMISTESTUSER1-JOB1/assignment/src/code/Client.java","startLine":78,"endLine":78,"startColumn":8,"endColumn":8,"rule":"JavadocMethodCheck","category":"javadoc","message":"Unused @param tag for 'x1'.","priority":"error"},{"filePath":"/opt/bambooagent/bamboo-agent-home/xml-data/build-dir/MDTESTCODE-ARTEMISTESTUSER1-JOB1/assignment/src/code/Client.java","startLine":80,"endLine":80,"startColumn":0,"endColumn":0,"rule":"JavadocMethodCheck","category":"javadoc","message":"@return tag should be present and have description.","priority":"error"},{"filePath":"/opt/bambooagent/bamboo-agent-home/xml-data/build-dir/MDTESTCODE-ARTEMISTESTUSER1-JOB1/assignment/src/code/Client.java","startLine":80,"endLine":80,"startColumn":31,"endColumn":31,"rule":"MethodNameCheck","category":"naming","message":"Name 'CreateRandomDatesList' must match pattern '^[a-z][a-zA-Z0-9]*$'.","priority":"error"},{"filePath":"/opt/bambooagent/bamboo-agent-home/xml-data/build-dir/MDTESTCODE-ARTEMISTESTUSER1-JOB1/assignment/src/code/Client.java","startLine":93,"endLine":93,"startColumn":9,"endColumn":9,"rule":"EmptyStatementCheck","category":"coding","message":"Empty statement.","priority":"error"},{"filePath":"/opt/bambooagent/bamboo-agent-home/xml-data/build-dir/MDTESTCODE-ARTEMISTESTUSER1-JOB1/assignment/src/code/Client.java","startLine":93,"endLine":93,"startColumn":10,"endColumn":10,"rule":"EmptyStatementCheck","category":"coding","message":"Empty statement.","priority":"error"},{"filePath":"/opt/bambooagent/bamboo-agent-home/xml-data/build-dir/MDTESTCODE-ARTEMISTESTUSER1-JOB1/assignment/src/code/Client.java","startLine":93,"endLine":93,"startColumn":11,"endColumn":11,"rule":"EmptyStatementCheck","category":"coding","message":"Empty statement.","priority":"error"}]}
