{"tool":null,"issues":[{"filePath":"invalid_xml.xml","startLine":1,"rule":"ExceptionDuringParsing","category":"miscellaneous","message":"An exception occurred during parsing the report for file invalid_xml.xml. Exception: %s"}]}
