{"tool":"PMD","issues":[{"filePath":"/opt/bambooagent/bamboo-agent-home/xml-data/build-dir/MDTESTCODE-ARTEMISTESTUSER1-JOB1/assignment/src/code/Client.java","startLine":6,"endLine":6,"startColumn":1,"endColumn":26,"rule":"UnusedImports","category":"Best Practices","message":"Avoid unused imports such as 'javax.swing.JFrame'","priority":"4"},{"filePath":"/opt/bambooagent/bamboo-agent-home/xml-data/build-dir/MDTESTCODE-ARTEMISTESTUSER1-JOB1/assignment/src/code/Client.java","startLine":7,"endLine":7,"startColumn":1,"endColumn":19,"rule":"DontImportJavaLang","category":"Code Style","message":"Avoid importing anything from the package java.lang","priority":"4"},{"filePath":"/opt/bambooagent/bamboo-agent-home/xml-data/build-dir/MDTESTCODE-ARTEMISTESTUSER1-JOB1/assignment/src/code/Client.java","startLine":7,"endLine":7,"startColumn":1,"endColumn":19,"rule":"UnusedImports","category":"Best Practices","message":"Avoid unused imports such as 'java.lang'","priority":"4"},{"filePath":"/opt/bambooagent/bamboo-agent-home/xml-data/build-dir/MDTESTCODE-ARTEMISTESTUSER1-JOB1/assignment/src/code/Client.java","startLine":73,"endLine":73,"startColumn":18,"endColumn":27,"rule":"UnusedLocalVariable","category":"Best Practices","message":"Avoid unused local variables such as 'randomDate'.","priority":"3"},{"filePath":"/opt/bambooagent/bamboo-agent-home/xml-data/build-dir/MDTESTCODE-ARTEMISTESTUSER1-JOB1/assignment/src/code/Client.java","startLine":81,"endLine":81,"startColumn":31,"endColumn":53,"rule":"UnusedPrivateMethod","category":"Best Practices","message":"Avoid unused private methods such as 'CreateRandomDatesList()'.","priority":"3"},{"filePath":"/opt/bambooagent/bamboo-agent-home/xml-data/build-dir/MDTESTCODE-ARTEMISTESTUSER1-JOB1/assignment/src/code/Client.java","startLine":94,"endLine":94,"startColumn":9,"endColumn":9,"rule":"EmptyStatementNotInLoop","category":"Error Prone","message":"An empty statement (semicolon) not part of a loop","priority":"3"},{"filePath":"/opt/bambooagent/bamboo-agent-home/xml-data/build-dir/MDTESTCODE-ARTEMISTESTUSER1-JOB1/assignment/src/code/Client.java","startLine":94,"endLine":94,"startColumn":10,"endColumn":10,"rule":"EmptyStatementNotInLoop","category":"Error Prone","message":"An empty statement (semicolon) not part of a loop","priority":"3"},{"filePath":"/opt/bambooagent/bamboo-agent-home/xml-data/build-dir/MDTESTCODE-ARTEMISTESTUSER1-JOB1/assignment/src/code/Client.java","startLine":94,"endLine":94,"startColumn":11,"endColumn":11,"rule":"EmptyStatementNotInLoop","category":"Error Prone","message":"An empty statement (semicolon) not part of a loop","priority":"3"}]}
