{"tool":"PMD_CPD","issues":[{"filePath":"/opt/bambooagent/bamboo-agent-home/xml-data/build-dir/MDTESTCODE-ARTEMISTESTUSER1-JOB1/assignment/src/code/Client.java","startLine":60,"endLine":75,"startColumn":52,"endColumn":18,"rule":"Copy/Paste Detection","category":"Copy/Paste Detection","message":"Code duplication of 16 lines in the following files:\n1. Client.java:60-75\n2. Client.java:75-97"},{"filePath":"/opt/bambooagent/bamboo-agent-home/xml-data/build-dir/MDTESTCODE-ARTEMISTESTUSER1-JOB1/assignment/src/code/Client.java","startLine":75,"endLine":97,"startColumn":53,"endColumn":18,"rule":"Copy/Paste Detection","category":"Copy/Paste Detection","message":"Code duplication of 16 lines in the following files:\n1. Client.java:60-75\n2. Client.java:75-97"},{"filePath":"/opt/bambooagent/bamboo-agent-home/xml-data/build-dir/MDTESTCODE-ARTEMISTESTUSER1-JOB1/assignment/src/code/BubbleSort.java","startLine":13,"endLine":24,"startColumn":9,"endColumn":9,"rule":"Copy/Paste Detection","category":"Copy/Paste Detection","message":"Code duplication of 12 lines in the following files:\n1. BubbleSort.java:13-24\n2. BubbleSort.java:25-36"},{"filePath":"/opt/bambooagent/bamboo-agent-home/xml-data/build-dir/MDTESTCODE-ARTEMISTESTUSER1-JOB1/assignment/src/code/BubbleSort.java","startLine":25,"endLine":36,"startColumn":9,"endColumn":9,"rule":"Copy/Paste Detection","category":"Copy/Paste Detection","message":"Code duplication of 12 lines in the following files:\n1. BubbleSort.java:13-24\n2. BubbleSort.java:25-36"}]}
