{"tool":"SPOTBUGS","issues":[{"filePath":"/opt/bambooagent/bamboo-agent-home/xml-data/build-dir/MDTESTCODE-ARTEMISTESTUSER1-JOB1/assignment/src/code/Client.java","startLine":73,"endLine":73,"rule":"DLS_DEAD_LOCAL_STORE","category":"STYLE","message":"Dead store to randomDate in code.Client.createRandomDatesList()","priority":"2"},{"filePath":"/opt/bambooagent/bamboo-agent-home/xml-data/build-dir/MDTESTCODE-ARTEMISTESTUSER1-JOB1/assignment/src/code/Client.java","startLine":82,"endLine":95,"rule":"NM_METHOD_NAMING_CONVENTION","category":"BAD_PRACTICE","message":"The method name code.Client.CreateRandomDatesList() doesn't start with a lower case letter","priority":"3"},{"filePath":"/opt/bambooagent/bamboo-agent-home/xml-data/build-dir/MDTESTCODE-ARTEMISTESTUSER1-JOB1/assignment/src/code/Client.java","startLine":82,"endLine":95,"rule":"UPM_UNCALLED_PRIVATE_METHOD","category":"PERFORMANCE","message":"Private method code.Client.CreateRandomDatesList() is never called","priority":"2"}]}
